
 RUN  v4.1.4 D:/Programs/Yellove OS

 Γ¥» src/__tests__/services.advanced.test.js (5 tests | 1 failed) 30ms
     Γ£ô should prioritize Routes API (v2) for non-transit driving requests 6ms
     Γ£ô should fallback to Directions API (v1) if Routes API (v2) fails 3ms
     Γ£ô should force Directions API (v1) for ALL transit intents 1ms
     Γ£ô should correctly normalize "metro" intent to SUBWAY transit mode 2ms
     ├ù should handle terminal routing failures gracefully 16ms
 Γ¥» src/utils/decisionEngine.test.js (8 tests | 1 failed) 20ms
     Γ£ô should recommend Gate 3 when it has less crowd than Gate 5 3ms
     Γ£ô should recommend Gate 5 when it has less crowd than Gate 3 1ms
     Γ£ô should default to Gate 5 for entry when crowds are exactly equal (tie-breaking) 0ms
     Γ£ô should find the food stall with the shortest wait time across multiple categories 1ms
     Γ£ô should optimize transport based on composite Score: (Wait - Capacity/10) 0ms
     Γ£ô should handle missing data with safe high-availability fallbacks 1ms
     Γ£ô should identify the correct exit gate (inverse of entry) 0ms
     ├ù should handle missing or corrupt telemetry data gracefully 10ms
 Γ¥» src/__tests__/functions.test.js (0 test)
 Γ¥» src/__tests__/interaction.test.jsx (0 test)
 Γ¥» src/__tests__/App.test.jsx (2 tests | 2 failed) 45ms
     ├ù System Bootstrap: Main layout renders with premium branding and ARIA accessibility 39ms
     ├ù Environment Verification: System announcements and suggestions presence 5ms
 Γ¥» src/__tests__/ui.test.jsx (3 tests | 3 failed) 53ms
     ├ù Presence: Critical input fields and action triggers 40ms
     ├ù Topography: Map container and stadium matrix view 6ms
     ├ù Interactive Components: Buttons must be discoverable via roles 3ms
 Γ¥» src/__tests__/edge.test.jsx (3 tests | 3 failed) 50ms
     ├ù Extreme Edge: Handling massive input strings (Stress Test) 37ms
     ├ù System Edge: Graceful behavior when Google Maps fails to load 6ms
     ├ù Logic Edge: Malformed symbols and numeric injections 5ms
 Γ¥» src/__tests__/matchMode.advanced.test.jsx (3 tests | 3 failed) 54ms
     ├ù should activate visual alerts and fluctuate data when Match Mode is ON 42ms
     ├ù should provide dynamic "Squad Radar" updates during Match Mode 6ms
     ├ù should deactivate all simulation intervals when Match Mode is toggled OFF 4ms
 Γ¥» src/__tests__/core.test.jsx (5 tests | 4 failed) 56ms
     ├ù 1. App renders without crashing 41ms
     ├ù 2. Search input exists 4ms
     ├ù 3. Map container (#map) exists in DOM 4ms
     ├ù 4. At least one interaction button exists 3ms
     Γ£ô 5. Core function (drawRoute) is defined 1ms
stdout | src/__tests__/integration.test.jsx
[2026-04-19T05:11:12.078Z]  Performance: IndexedDB is not supported by current browser
[2026-04-19T05:11:12.078Z]  Performance: Firebase Performance cannot start if the browser does not support "Fetch" and "Promise", or cookies are disabled.

 Γ¥» src/__tests__/integration.test.jsx (5 tests | 5 failed) 38ms
     ├ù 1. FULL USER FLOW: Captain AI to Routing Engine 27ms
     ├ù 2. ERROR RESILIENCE: Graceful Geocoding Failure Fallback 3ms
     ├ù 3. BOUNDARY CASE: Handling empty/invalid chat inputs 3ms
     ├ù 4. MULTI-MODAL VALIDATION: Interaction with Smart Return Hub 2ms
     ├ù 5. ANALYTICS & LOGS: Verification of service telemetry points 2ms
 Γ£ô src/hooks/useAuth.test.js (3 tests) 25ms
 Γ£ô src/hooks/useMapLogic.test.js (5 tests) 29ms
 Γ¥» src/__tests__/gemini.test.js (6 tests | 1 failed) 4871ms
       Γ£ô should recommend the cheapest mode when query implies cost sensitivity  813ms
       Γ£ô should recommend the fastest mode when user is in a hurry  806ms
       Γ£ô should analyze stadium gate loads for congestion-aware extraction  809ms
       ├ù should attempt to use Google Generative AI when key is provided 814ms
       Γ£ô should fallback to simulation if the API call fails  814ms
     Γ£ô should maintain CSK Persona across all response modes  810ms

 Test Files  11 failed | 2 passed (13)
      Tests  23 failed | 25 passed (48)
   Start at  10:41:07
   Duration  8.31s (transform 1.57s, setup 0ms, import 6.57s, tests 5.27s, environment 29.12s)

